---
source: crates/moraine-cli/tests/merge_list_snapshot.rs
expression: "render_merge_list(&plan, false)"
---
These are the packages that would be merged, in order:

[ebuild U] dev-libs/openssl-3.1.4 [3.0.9] USE="asm* zlib" 9.06 MiB
[ebuild R] app-misc/tool-2.0 USE="ssl"
[ebuild N] dev-lang/python:3.12-3.12.1 23.84 MiB

Total: 3 packages, Size of downloads: 32.90 MiB
